// Jest Snapshot v1, https://goo.gl/fbAQLP

exports[`NetInfoComponent tests renders online 1`] = `null`;
